Archive member included to satisfy reference by file (symbol)

c:/program files (x86)/atmel/studio/7.0/toolchain/avr8/avr8-gnu-toolchain/bin/../lib/gcc/avr/5.4.0/avr6\libgcc.a(_exit.o)
                              C:/Program Files (x86)/Atmel/Studio/7.0/Packs/atmel/ATmega_DFP/1.2.209/gcc/dev/atmega2560/avr6/crtatmega2560.o (exit)
c:/program files (x86)/atmel/studio/7.0/toolchain/avr8/avr8-gnu-toolchain/bin/../lib/gcc/avr/5.4.0/avr6\libgcc.a(_tablejump2.o)
                              ADC.o (__tablejump2__)
c:/program files (x86)/atmel/studio/7.0/toolchain/avr8/avr8-gnu-toolchain/bin/../lib/gcc/avr/5.4.0/avr6\libgcc.a(_clear_bss.o)
                              main.o (__do_clear_bss)
c:/program files (x86)/atmel/studio/7.0/toolchain/avr8/avr8-gnu-toolchain/bin/../lib/gcc/avr/5.4.0/avr6\libgcc.a(_ctors.o)
                              main.o (__do_global_ctors)
c:/program files (x86)/atmel/studio/7.0/toolchain/avr8/avr8-gnu-toolchain/bin/../lib/gcc/avr/5.4.0/avr6\libgcc.a(_dtors.o)
                              main.o (__do_global_dtors)
c:/program files (x86)/atmel/studio/7.0/toolchain/avr8/avr8-gnu-toolchain/bin/../lib/gcc/avr/5.4.0/avr6\libgcc.a(_mulhisi3.o)
                              tiefpass.o (__mulhisi3)
c:/program files (x86)/atmel/studio/7.0/toolchain/avr8/avr8-gnu-toolchain/bin/../lib/gcc/avr/5.4.0/avr6\libgcc.a(_umulhisi3.o)
                              button_parallel.o (__umulhisi3)
c:/program files (x86)/atmel/studio/7.0/toolchain/avr8/avr8-gnu-toolchain/bin/../lib/gcc/avr/5.4.0/avr6\libgcc.a(_usmulhisi3.o)
                              c:/program files (x86)/atmel/studio/7.0/toolchain/avr8/avr8-gnu-toolchain/bin/../lib/gcc/avr/5.4.0/avr6\libgcc.a(_mulhisi3.o) (__usmulhisi3_tail)
c:/program files (x86)/atmel/studio/7.0/toolchain/avr8/avr8-gnu-toolchain/bin/../lib/gcc/avr/5.4.0/../../../../avr/lib/avr6\libc.a(malloc.o)
                              list__array_uint8_t.o (malloc)
c:/program files (x86)/atmel/studio/7.0/toolchain/avr8/avr8-gnu-toolchain/bin/../lib/gcc/avr/5.4.0/avr6\libgcc.a(_copy_data.o)
                              c:/program files (x86)/atmel/studio/7.0/toolchain/avr8/avr8-gnu-toolchain/bin/../lib/gcc/avr/5.4.0/../../../../avr/lib/avr6\libc.a(malloc.o) (__do_copy_data)

Allocating common symbols
Common symbol       size              file

__brkval            0x2               c:/program files (x86)/atmel/studio/7.0/toolchain/avr8/avr8-gnu-toolchain/bin/../lib/gcc/avr/5.4.0/../../../../avr/lib/avr6\libc.a(malloc.o)
__flp               0x2               c:/program files (x86)/atmel/studio/7.0/toolchain/avr8/avr8-gnu-toolchain/bin/../lib/gcc/avr/5.4.0/../../../../avr/lib/avr6\libc.a(malloc.o)

Discarded input sections

 .data          0x00000000        0x0 C:/Program Files (x86)/Atmel/Studio/7.0/Packs/atmel/ATmega_DFP/1.2.209/gcc/dev/atmega2560/avr6/crtatmega2560.o
 .bss           0x00000000        0x0 C:/Program Files (x86)/Atmel/Studio/7.0/Packs/atmel/ATmega_DFP/1.2.209/gcc/dev/atmega2560/avr6/crtatmega2560.o
 .text          0x00000000        0x0 ADC.o
 .data          0x00000000        0x0 ADC.o
 .bss           0x00000000        0x0 ADC.o
 .text._ZNV22AnalogDigitalConverter32ConvertPT1000ADCvalToTemperatureEi
                0x00000000       0x30 ADC.o
 .text._ZNV22AnalogDigitalConverter32ConvertPT2000ADCvalToTemperatureEi
                0x00000000       0x30 ADC.o
 .text          0x00000000        0x0 button_parallel.o
 .data          0x00000000        0x0 button_parallel.o
 .bss           0x00000000        0x0 button_parallel.o
 .text._ZN6buttonC2EPVhS1_S1_hj
                0x00000000       0x8e button_parallel.o
 .text._ZN6buttonD2Ev
                0x00000000       0x2a button_parallel.o
 .text._ZN6button6sampleEv
                0x00000000       0x54 button_parallel.o
 .debug_info    0x00000000      0x2ac button_parallel.o
 .debug_abbrev  0x00000000      0x156 button_parallel.o
 .debug_loc     0x00000000      0x1e8 button_parallel.o
 .debug_aranges
                0x00000000       0x30 button_parallel.o
 .debug_ranges  0x00000000       0x20 button_parallel.o
 .debug_line    0x00000000      0x1a1 button_parallel.o
 .debug_str     0x00000000      0x2af button_parallel.o
 .comment       0x00000000       0x31 button_parallel.o
 .debug_frame   0x00000000       0x68 button_parallel.o
 .text          0x00000000        0x0 cmdHandler.o
 .data          0x00000000        0x0 cmdHandler.o
 .bss           0x00000000        0x0 cmdHandler.o
 .text          0x00000000        0x0 cmdParser.o
 .data          0x00000000        0x0 cmdParser.o
 .bss           0x00000000        0x0 cmdParser.o
 .text._ZNV9cmdParser8parseOneEv
                0x00000000       0xc8 cmdParser.o
 .text._ZNV9cmdParser14get_parser_cntEv
                0x00000000        0x6 cmdParser.o
 .text._ZNV9cmdParser16parseUint8NumberEv
                0x00000000       0x44 cmdParser.o
 .text          0x00000000        0x0 debug.o
 .data          0x00000000        0x0 debug.o
 .bss           0x00000000        0x0 debug.o
 .text._ZN5debug6debug0Ei
                0x00000000       0x46 debug.o
 .text._ZN5debug6debug0Eh
                0x00000000       0x3e debug.o
 .text._ZN5debug6debug1Ei
                0x00000000       0x46 debug.o
 .text._ZN5debug6debug1Eh
                0x00000000       0x3e debug.o
 .text._ZN5debug6debug2Eh
                0x00000000       0x3e debug.o
 .debug_info    0x00000000      0x44c debug.o
 .debug_abbrev  0x00000000       0xee debug.o
 .debug_loc     0x00000000      0x2b3 debug.o
 .debug_aranges
                0x00000000       0x40 debug.o
 .debug_ranges  0x00000000       0x30 debug.o
 .debug_line    0x00000000      0x18d debug.o
 .debug_str     0x00000000      0x297 debug.o
 .comment       0x00000000       0x31 debug.o
 .debug_frame   0x00000000       0xe4 debug.o
 .text          0x00000000        0x0 io.o
 .data          0x00000000        0x0 io.o
 .bss           0x00000000        0x0 io.o
 .text._ZN6io_pinD2Ev
                0x00000000        0x2 io.o
 .text          0x00000000        0x0 list__array_uint8_t.o
 .data          0x00000000        0x0 list__array_uint8_t.o
 .bss           0x00000000        0x0 list__array_uint8_t.o
 .text._ZN26list_array_uint8_t_elementC2EPS_Phh
                0x00000000       0x64 list__array_uint8_t.o
 .text._ZN26list_array_uint8_t_elementC2EPhh
                0x00000000       0x58 list__array_uint8_t.o
 .text._ZN26list_array_uint8_t_elementC2Ev
                0x00000000       0x12 list__array_uint8_t.o
 .text._ZN26list_array_uint8_t_elementD2Ev
                0x00000000      0x13c list__array_uint8_t.o
 .text._ZN26list_array_uint8_t_element11assign_postEPS_
                0x00000000        0x8 list__array_uint8_t.o
 .debug_info    0x00000000      0x57f list__array_uint8_t.o
 .debug_abbrev  0x00000000      0x1bb list__array_uint8_t.o
 .debug_loc     0x00000000      0x413 list__array_uint8_t.o
 .debug_aranges
                0x00000000       0x40 list__array_uint8_t.o
 .debug_ranges  0x00000000       0x30 list__array_uint8_t.o
 .debug_line    0x00000000      0x257 list__array_uint8_t.o
 .debug_str     0x00000000      0x393 list__array_uint8_t.o
 .comment       0x00000000       0x31 list__array_uint8_t.o
 .debug_frame   0x00000000       0xe4 list__array_uint8_t.o
 .text          0x00000000        0x0 lock.o
 .data          0x00000000        0x0 lock.o
 .bss           0x00000000        0x0 lock.o
 .text._ZNV4lock7getLockEv
                0x00000000        0x6 lock.o
 .text          0x00000000        0x0 main.o
 .data          0x00000000        0x0 main.o
 .bss           0x00000000        0x0 main.o
 .text._Z4testv
                0x00000000        0x2 main.o
 .text._Z9testflushh
                0x00000000       0x24 main.o
 .text._Z13init_pwmTimerv
                0x00000000       0x1a main.o
 .text          0x00000000        0x0 mem.o
 .data          0x00000000        0x0 mem.o
 .bss           0x00000000        0x0 mem.o
 .text.__cxa_guard_acquire
                0x00000000       0x12 mem.o
 .text.__cxa_guard_release
                0x00000000        0x8 mem.o
 .text.__cxa_guard_abort
                0x00000000        0x2 mem.o
 .text._ZdlPv   0x00000000        0x4 mem.o
 .text          0x00000000        0x0 tiefpass.o
 .data          0x00000000        0x0 tiefpass.o
 .bss           0x00000000        0x0 tiefpass.o
 .text          0x00000000        0x0 uart.o
 .data          0x00000000        0x0 uart.o
 .bss           0x00000000        0x0 uart.o
 .text._Z11serial_out0h
                0x00000000       0x2c uart.o
 .text._Z11serial_out1h
                0x00000000       0x12 uart.o
 .text          0x00000000        0x0 c:/program files (x86)/atmel/studio/7.0/toolchain/avr8/avr8-gnu-toolchain/bin/../lib/gcc/avr/5.4.0/avr6\libgcc.a(_exit.o)
 .data          0x00000000        0x0 c:/program files (x86)/atmel/studio/7.0/toolchain/avr8/avr8-gnu-toolchain/bin/../lib/gcc/avr/5.4.0/avr6\libgcc.a(_exit.o)
 .bss           0x00000000        0x0 c:/program files (x86)/atmel/studio/7.0/toolchain/avr8/avr8-gnu-toolchain/bin/../lib/gcc/avr/5.4.0/avr6\libgcc.a(_exit.o)
 .text.libgcc.mul
                0x00000000        0x0 c:/program files (x86)/atmel/studio/7.0/toolchain/avr8/avr8-gnu-toolchain/bin/../lib/gcc/avr/5.4.0/avr6\libgcc.a(_exit.o)
 .text.libgcc.div
                0x00000000        0x0 c:/program files (x86)/atmel/studio/7.0/toolchain/avr8/avr8-gnu-toolchain/bin/../lib/gcc/avr/5.4.0/avr6\libgcc.a(_exit.o)
 .text.libgcc   0x00000000        0x0 c:/program files (x86)/atmel/studio/7.0/toolchain/avr8/avr8-gnu-toolchain/bin/../lib/gcc/avr/5.4.0/avr6\libgcc.a(_exit.o)
 .text.libgcc.prologue
                0x00000000        0x0 c:/program files (x86)/atmel/studio/7.0/toolchain/avr8/avr8-gnu-toolchain/bin/../lib/gcc/avr/5.4.0/avr6\libgcc.a(_exit.o)
 .text.libgcc.builtins
                0x00000000        0x0 c:/program files (x86)/atmel/studio/7.0/toolchain/avr8/avr8-gnu-toolchain/bin/../lib/gcc/avr/5.4.0/avr6\libgcc.a(_exit.o)
 .text.libgcc.fmul
                0x00000000        0x0 c:/program files (x86)/atmel/studio/7.0/toolchain/avr8/avr8-gnu-toolchain/bin/../lib/gcc/avr/5.4.0/avr6\libgcc.a(_exit.o)
 .text.libgcc.fixed
                0x00000000        0x0 c:/program files (x86)/atmel/studio/7.0/toolchain/avr8/avr8-gnu-toolchain/bin/../lib/gcc/avr/5.4.0/avr6\libgcc.a(_exit.o)
 .text          0x00000000        0x0 c:/program files (x86)/atmel/studio/7.0/toolchain/avr8/avr8-gnu-toolchain/bin/../lib/gcc/avr/5.4.0/avr6\libgcc.a(_tablejump2.o)
 .data          0x00000000        0x0 c:/program files (x86)/atmel/studio/7.0/toolchain/avr8/avr8-gnu-toolchain/bin/../lib/gcc/avr/5.4.0/avr6\libgcc.a(_tablejump2.o)
 .bss           0x00000000        0x0 c:/program files (x86)/atmel/studio/7.0/toolchain/avr8/avr8-gnu-toolchain/bin/../lib/gcc/avr/5.4.0/avr6\libgcc.a(_tablejump2.o)
 .text.libgcc.mul
                0x00000000        0x0 c:/program files (x86)/atmel/studio/7.0/toolchain/avr8/avr8-gnu-toolchain/bin/../lib/gcc/avr/5.4.0/avr6\libgcc.a(_tablejump2.o)
 .text.libgcc.div
                0x00000000        0x0 c:/program files (x86)/atmel/studio/7.0/toolchain/avr8/avr8-gnu-toolchain/bin/../lib/gcc/avr/5.4.0/avr6\libgcc.a(_tablejump2.o)
 .text.libgcc.prologue
                0x00000000        0x0 c:/program files (x86)/atmel/studio/7.0/toolchain/avr8/avr8-gnu-toolchain/bin/../lib/gcc/avr/5.4.0/avr6\libgcc.a(_tablejump2.o)
 .text.libgcc.builtins
                0x00000000        0x0 c:/program files (x86)/atmel/studio/7.0/toolchain/avr8/avr8-gnu-toolchain/bin/../lib/gcc/avr/5.4.0/avr6\libgcc.a(_tablejump2.o)
 .text.libgcc.fmul
                0x00000000        0x0 c:/program files (x86)/atmel/studio/7.0/toolchain/avr8/avr8-gnu-toolchain/bin/../lib/gcc/avr/5.4.0/avr6\libgcc.a(_tablejump2.o)
 .text.libgcc.fixed
                0x00000000        0x0 c:/program files (x86)/atmel/studio/7.0/toolchain/avr8/avr8-gnu-toolchain/bin/../lib/gcc/avr/5.4.0/avr6\libgcc.a(_tablejump2.o)
 .text          0x00000000        0x0 c:/program files (x86)/atmel/studio/7.0/toolchain/avr8/avr8-gnu-toolchain/bin/../lib/gcc/avr/5.4.0/avr6\libgcc.a(_clear_bss.o)
 .data          0x00000000        0x0 c:/program files (x86)/atmel/studio/7.0/toolchain/avr8/avr8-gnu-toolchain/bin/../lib/gcc/avr/5.4.0/avr6\libgcc.a(_clear_bss.o)
 .bss           0x00000000        0x0 c:/program files (x86)/atmel/studio/7.0/toolchain/avr8/avr8-gnu-toolchain/bin/../lib/gcc/avr/5.4.0/avr6\libgcc.a(_clear_bss.o)
 .text.libgcc.mul
                0x00000000        0x0 c:/program files (x86)/atmel/studio/7.0/toolchain/avr8/avr8-gnu-toolchain/bin/../lib/gcc/avr/5.4.0/avr6\libgcc.a(_clear_bss.o)
 .text.libgcc.div
                0x00000000        0x0 c:/program files (x86)/atmel/studio/7.0/toolchain/avr8/avr8-gnu-toolchain/bin/../lib/gcc/avr/5.4.0/avr6\libgcc.a(_clear_bss.o)
 .text.libgcc   0x00000000        0x0 c:/program files (x86)/atmel/studio/7.0/toolchain/avr8/avr8-gnu-toolchain/bin/../lib/gcc/avr/5.4.0/avr6\libgcc.a(_clear_bss.o)
 .text.libgcc.prologue
                0x00000000        0x0 c:/program files (x86)/atmel/studio/7.0/toolchain/avr8/avr8-gnu-toolchain/bin/../lib/gcc/avr/5.4.0/avr6\libgcc.a(_clear_bss.o)
 .text.libgcc.builtins
                0x00000000        0x0 c:/program files (x86)/atmel/studio/7.0/toolchain/avr8/avr8-gnu-toolchain/bin/../lib/gcc/avr/5.4.0/avr6\libgcc.a(_clear_bss.o)
 .text.libgcc.fmul
                0x00000000        0x0 c:/program files (x86)/atmel/studio/7.0/toolchain/avr8/avr8-gnu-toolchain/bin/../lib/gcc/avr/5.4.0/avr6\libgcc.a(_clear_bss.o)
 .text.libgcc.fixed
                0x00000000        0x0 c:/program files (x86)/atmel/studio/7.0/toolchain/avr8/avr8-gnu-toolchain/bin/../lib/gcc/avr/5.4.0/avr6\libgcc.a(_clear_bss.o)
 .text          0x00000000        0x0 c:/program files (x86)/atmel/studio/7.0/toolchain/avr8/avr8-gnu-toolchain/bin/../lib/gcc/avr/5.4.0/avr6\libgcc.a(_ctors.o)
 .data          0x00000000        0x0 c:/program files (x86)/atmel/studio/7.0/toolchain/avr8/avr8-gnu-toolchain/bin/../lib/gcc/avr/5.4.0/avr6\libgcc.a(_ctors.o)
 .bss           0x00000000        0x0 c:/program files (x86)/atmel/studio/7.0/toolchain/avr8/avr8-gnu-toolchain/bin/../lib/gcc/avr/5.4.0/avr6\libgcc.a(_ctors.o)
 .text.libgcc.mul
                0x00000000        0x0 c:/program files (x86)/atmel/studio/7.0/toolchain/avr8/avr8-gnu-toolchain/bin/../lib/gcc/avr/5.4.0/avr6\libgcc.a(_ctors.o)
 .text.libgcc.div
                0x00000000        0x0 c:/program files (x86)/atmel/studio/7.0/toolchain/avr8/avr8-gnu-toolchain/bin/../lib/gcc/avr/5.4.0/avr6\libgcc.a(_ctors.o)
 .text.libgcc   0x00000000        0x0 c:/program files (x86)/atmel/studio/7.0/toolchain/avr8/avr8-gnu-toolchain/bin/../lib/gcc/avr/5.4.0/avr6\libgcc.a(_ctors.o)
 .text.libgcc.prologue
                0x00000000        0x0 c:/program files (x86)/atmel/studio/7.0/toolchain/avr8/avr8-gnu-toolchain/bin/../lib/gcc/avr/5.4.0/avr6\libgcc.a(_ctors.o)
 .text.libgcc.builtins
                0x00000000        0x0 c:/program files (x86)/atmel/studio/7.0/toolchain/avr8/avr8-gnu-toolchain/bin/../lib/gcc/avr/5.4.0/avr6\libgcc.a(_ctors.o)
 .text.libgcc.fmul
                0x00000000        0x0 c:/program files (x86)/atmel/studio/7.0/toolchain/avr8/avr8-gnu-toolchain/bin/../lib/gcc/avr/5.4.0/avr6\libgcc.a(_ctors.o)
 .text.libgcc.fixed
                0x00000000        0x0 c:/program files (x86)/atmel/studio/7.0/toolchain/avr8/avr8-gnu-toolchain/bin/../lib/gcc/avr/5.4.0/avr6\libgcc.a(_ctors.o)
 .text          0x00000000        0x0 c:/program files (x86)/atmel/studio/7.0/toolchain/avr8/avr8-gnu-toolchain/bin/../lib/gcc/avr/5.4.0/avr6\libgcc.a(_dtors.o)
 .data          0x00000000        0x0 c:/program files (x86)/atmel/studio/7.0/toolchain/avr8/avr8-gnu-toolchain/bin/../lib/gcc/avr/5.4.0/avr6\libgcc.a(_dtors.o)
 .bss           0x00000000        0x0 c:/program files (x86)/atmel/studio/7.0/toolchain/avr8/avr8-gnu-toolchain/bin/../lib/gcc/avr/5.4.0/avr6\libgcc.a(_dtors.o)
 .text.libgcc.mul
                0x00000000        0x0 c:/program files (x86)/atmel/studio/7.0/toolchain/avr8/avr8-gnu-toolchain/bin/../lib/gcc/avr/5.4.0/avr6\libgcc.a(_dtors.o)
 .text.libgcc.div
                0x00000000        0x0 c:/program files (x86)/atmel/studio/7.0/toolchain/avr8/avr8-gnu-toolchain/bin/../lib/gcc/avr/5.4.0/avr6\libgcc.a(_dtors.o)
 .text.libgcc   0x00000000        0x0 c:/program files (x86)/atmel/studio/7.0/toolchain/avr8/avr8-gnu-toolchain/bin/../lib/gcc/avr/5.4.0/avr6\libgcc.a(_dtors.o)
 .text.libgcc.prologue
                0x00000000        0x0 c:/program files (x86)/atmel/studio/7.0/toolchain/avr8/avr8-gnu-toolchain/bin/../lib/gcc/avr/5.4.0/avr6\libgcc.a(_dtors.o)
 .text.libgcc.builtins
                0x00000000        0x0 c:/program files (x86)/atmel/studio/7.0/toolchain/avr8/avr8-gnu-toolchain/bin/../lib/gcc/avr/5.4.0/avr6\libgcc.a(_dtors.o)
 .text.libgcc.fmul
                0x00000000        0x0 c:/program files (x86)/atmel/studio/7.0/toolchain/avr8/avr8-gnu-toolchain/bin/../lib/gcc/avr/5.4.0/avr6\libgcc.a(_dtors.o)
 .text.libgcc.fixed
                0x00000000        0x0 c:/program files (x86)/atmel/studio/7.0/toolchain/avr8/avr8-gnu-toolchain/bin/../lib/gcc/avr/5.4.0/avr6\libgcc.a(_dtors.o)
 .text          0x00000000        0x0 c:/program files (x86)/atmel/studio/7.0/toolchain/avr8/avr8-gnu-toolchain/bin/../lib/gcc/avr/5.4.0/avr6\libgcc.a(_mulhisi3.o)
 .data          0x00000000        0x0 c:/program files (x86)/atmel/studio/7.0/toolchain/avr8/avr8-gnu-toolchain/bin/../lib/gcc/avr/5.4.0/avr6\libgcc.a(_mulhisi3.o)
 .bss           0x00000000        0x0 c:/program files (x86)/atmel/studio/7.0/toolchain/avr8/avr8-gnu-toolchain/bin/../lib/gcc/avr/5.4.0/avr6\libgcc.a(_mulhisi3.o)
 .text.libgcc.div
                0x00000000        0x0 c:/program files (x86)/atmel/studio/7.0/toolchain/avr8/avr8-gnu-toolchain/bin/../lib/gcc/avr/5.4.0/avr6\libgcc.a(_mulhisi3.o)
 .text.libgcc   0x00000000        0x0 c:/program files (x86)/atmel/studio/7.0/toolchain/avr8/avr8-gnu-toolchain/bin/../lib/gcc/avr/5.4.0/avr6\libgcc.a(_mulhisi3.o)
 .text.libgcc.prologue
                0x00000000        0x0 c:/program files (x86)/atmel/studio/7.0/toolchain/avr8/avr8-gnu-toolchain/bin/../lib/gcc/avr/5.4.0/avr6\libgcc.a(_mulhisi3.o)
 .text.libgcc.builtins
                0x00000000        0x0 c:/program files (x86)/atmel/studio/7.0/toolchain/avr8/avr8-gnu-toolchain/bin/../lib/gcc/avr/5.4.0/avr6\libgcc.a(_mulhisi3.o)
 .text.libgcc.fmul
                0x00000000        0x0 c:/program files (x86)/atmel/studio/7.0/toolchain/avr8/avr8-gnu-toolchain/bin/../lib/gcc/avr/5.4.0/avr6\libgcc.a(_mulhisi3.o)
 .text.libgcc.fixed
                0x00000000        0x0 c:/program files (x86)/atmel/studio/7.0/toolchain/avr8/avr8-gnu-toolchain/bin/../lib/gcc/avr/5.4.0/avr6\libgcc.a(_mulhisi3.o)
 .text          0x00000000        0x0 c:/program files (x86)/atmel/studio/7.0/toolchain/avr8/avr8-gnu-toolchain/bin/../lib/gcc/avr/5.4.0/avr6\libgcc.a(_umulhisi3.o)
 .data          0x00000000        0x0 c:/program files (x86)/atmel/studio/7.0/toolchain/avr8/avr8-gnu-toolchain/bin/../lib/gcc/avr/5.4.0/avr6\libgcc.a(_umulhisi3.o)
 .bss           0x00000000        0x0 c:/program files (x86)/atmel/studio/7.0/toolchain/avr8/avr8-gnu-toolchain/bin/../lib/gcc/avr/5.4.0/avr6\libgcc.a(_umulhisi3.o)
 .text.libgcc.div
                0x00000000        0x0 c:/program files (x86)/atmel/studio/7.0/toolchain/avr8/avr8-gnu-toolchain/bin/../lib/gcc/avr/5.4.0/avr6\libgcc.a(_umulhisi3.o)
 .text.libgcc   0x00000000        0x0 c:/program files (x86)/atmel/studio/7.0/toolchain/avr8/avr8-gnu-toolchain/bin/../lib/gcc/avr/5.4.0/avr6\libgcc.a(_umulhisi3.o)
 .text.libgcc.prologue
                0x00000000        0x0 c:/program files (x86)/atmel/studio/7.0/toolchain/avr8/avr8-gnu-toolchain/bin/../lib/gcc/avr/5.4.0/avr6\libgcc.a(_umulhisi3.o)
 .text.libgcc.builtins
                0x00000000        0x0 c:/program files (x86)/atmel/studio/7.0/toolchain/avr8/avr8-gnu-toolchain/bin/../lib/gcc/avr/5.4.0/avr6\libgcc.a(_umulhisi3.o)
 .text.libgcc.fmul
                0x00000000        0x0 c:/program files (x86)/atmel/studio/7.0/toolchain/avr8/avr8-gnu-toolchain/bin/../lib/gcc/avr/5.4.0/avr6\libgcc.a(_umulhisi3.o)
 .text.libgcc.fixed
                0x00000000        0x0 c:/program files (x86)/atmel/studio/7.0/toolchain/avr8/avr8-gnu-toolchain/bin/../lib/gcc/avr/5.4.0/avr6\libgcc.a(_umulhisi3.o)
 .text          0x00000000        0x0 c:/program files (x86)/atmel/studio/7.0/toolchain/avr8/avr8-gnu-toolchain/bin/../lib/gcc/avr/5.4.0/avr6\libgcc.a(_usmulhisi3.o)
 .data          0x00000000        0x0 c:/program files (x86)/atmel/studio/7.0/toolchain/avr8/avr8-gnu-toolchain/bin/../lib/gcc/avr/5.4.0/avr6\libgcc.a(_usmulhisi3.o)
 .bss           0x00000000        0x0 c:/program files (x86)/atmel/studio/7.0/toolchain/avr8/avr8-gnu-toolchain/bin/../lib/gcc/avr/5.4.0/avr6\libgcc.a(_usmulhisi3.o)
 .text.libgcc.div
                0x00000000        0x0 c:/program files (x86)/atmel/studio/7.0/toolchain/avr8/avr8-gnu-toolchain/bin/../lib/gcc/avr/5.4.0/avr6\libgcc.a(_usmulhisi3.o)
 .text.libgcc   0x00000000        0x0 c:/program files (x86)/atmel/studio/7.0/toolchain/avr8/avr8-gnu-toolchain/bin/../lib/gcc/avr/5.4.0/avr6\libgcc.a(_usmulhisi3.o)
 .text.libgcc.prologue
                0x00000000        0x0 c:/program files (x86)/atmel/studio/7.0/toolchain/avr8/avr8-gnu-toolchain/bin/../lib/gcc/avr/5.4.0/avr6\libgcc.a(_usmulhisi3.o)
 .text.libgcc.builtins
                0x00000000        0x0 c:/program files (x86)/atmel/studio/7.0/toolchain/avr8/avr8-gnu-toolchain/bin/../lib/gcc/avr/5.4.0/avr6\libgcc.a(_usmulhisi3.o)
 .text.libgcc.fmul
                0x00000000        0x0 c:/program files (x86)/atmel/studio/7.0/toolchain/avr8/avr8-gnu-toolchain/bin/../lib/gcc/avr/5.4.0/avr6\libgcc.a(_usmulhisi3.o)
 .text.libgcc.fixed
                0x00000000        0x0 c:/program files (x86)/atmel/studio/7.0/toolchain/avr8/avr8-gnu-toolchain/bin/../lib/gcc/avr/5.4.0/avr6\libgcc.a(_usmulhisi3.o)
 .text          0x00000000        0x0 c:/program files (x86)/atmel/studio/7.0/toolchain/avr8/avr8-gnu-toolchain/bin/../lib/gcc/avr/5.4.0/../../../../avr/lib/avr6\libc.a(malloc.o)
 .bss           0x00000000        0x0 c:/program files (x86)/atmel/studio/7.0/toolchain/avr8/avr8-gnu-toolchain/bin/../lib/gcc/avr/5.4.0/../../../../avr/lib/avr6\libc.a(malloc.o)
 .text          0x00000000        0x0 c:/program files (x86)/atmel/studio/7.0/toolchain/avr8/avr8-gnu-toolchain/bin/../lib/gcc/avr/5.4.0/avr6\libgcc.a(_copy_data.o)
 .data          0x00000000        0x0 c:/program files (x86)/atmel/studio/7.0/toolchain/avr8/avr8-gnu-toolchain/bin/../lib/gcc/avr/5.4.0/avr6\libgcc.a(_copy_data.o)
 .bss           0x00000000        0x0 c:/program files (x86)/atmel/studio/7.0/toolchain/avr8/avr8-gnu-toolchain/bin/../lib/gcc/avr/5.4.0/avr6\libgcc.a(_copy_data.o)
 .text.libgcc.mul
                0x00000000        0x0 c:/program files (x86)/atmel/studio/7.0/toolchain/avr8/avr8-gnu-toolchain/bin/../lib/gcc/avr/5.4.0/avr6\libgcc.a(_copy_data.o)
 .text.libgcc.div
                0x00000000        0x0 c:/program files (x86)/atmel/studio/7.0/toolchain/avr8/avr8-gnu-toolchain/bin/../lib/gcc/avr/5.4.0/avr6\libgcc.a(_copy_data.o)
 .text.libgcc   0x00000000        0x0 c:/program files (x86)/atmel/studio/7.0/toolchain/avr8/avr8-gnu-toolchain/bin/../lib/gcc/avr/5.4.0/avr6\libgcc.a(_copy_data.o)
 .text.libgcc.prologue
                0x00000000        0x0 c:/program files (x86)/atmel/studio/7.0/toolchain/avr8/avr8-gnu-toolchain/bin/../lib/gcc/avr/5.4.0/avr6\libgcc.a(_copy_data.o)
 .text.libgcc.builtins
                0x00000000        0x0 c:/program files (x86)/atmel/studio/7.0/toolchain/avr8/avr8-gnu-toolchain/bin/../lib/gcc/avr/5.4.0/avr6\libgcc.a(_copy_data.o)
 .text.libgcc.fmul
                0x00000000        0x0 c:/program files (x86)/atmel/studio/7.0/toolchain/avr8/avr8-gnu-toolchain/bin/../lib/gcc/avr/5.4.0/avr6\libgcc.a(_copy_data.o)
 .text.libgcc.fixed
                0x00000000        0x0 c:/program files (x86)/atmel/studio/7.0/toolchain/avr8/avr8-gnu-toolchain/bin/../lib/gcc/avr/5.4.0/avr6\libgcc.a(_copy_data.o)

Memory Configuration

Name             Origin             Length             Attributes
text             0x00000000         0x00100000         xr
data             0x00800200         0x0000fe00         rw !x
eeprom           0x00810000         0x00010000         rw !x
fuse             0x00820000         0x00000003         rw !x
lock             0x00830000         0x00000400         rw !x
signature        0x00840000         0x00000400         rw !x
user_signatures  0x00850000         0x00000400         rw !x
*default*        0x00000000         0xffffffff

Linker script and memory map

Address of section .data set to 0x800200
LOAD C:/Program Files (x86)/Atmel/Studio/7.0/Packs/atmel/ATmega_DFP/1.2.209/gcc/dev/atmega2560/avr6/crtatmega2560.o
LOAD ADC.o
LOAD button_parallel.o
LOAD cmdHandler.o
LOAD cmdParser.o
LOAD debug.o
LOAD io.o
LOAD list__array_uint8_t.o
LOAD lock.o
LOAD main.o
LOAD mem.o
LOAD tiefpass.o
LOAD uart.o
START GROUP
LOAD c:/program files (x86)/atmel/studio/7.0/toolchain/avr8/avr8-gnu-toolchain/bin/../lib/gcc/avr/5.4.0/../../../../avr/lib/avr6\libm.a
END GROUP
LOAD c:/program files (x86)/atmel/studio/7.0/toolchain/avr8/avr8-gnu-toolchain/bin/../lib/gcc/avr/5.4.0/avr6\libgcc.a
LOAD c:/program files (x86)/atmel/studio/7.0/toolchain/avr8/avr8-gnu-toolchain/bin/../lib/gcc/avr/5.4.0/../../../../avr/lib/avr6\libm.a
START GROUP
LOAD c:/program files (x86)/atmel/studio/7.0/toolchain/avr8/avr8-gnu-toolchain/bin/../lib/gcc/avr/5.4.0/avr6\libgcc.a
LOAD c:/program files (x86)/atmel/studio/7.0/toolchain/avr8/avr8-gnu-toolchain/bin/../lib/gcc/avr/5.4.0/../../../../avr/lib/avr6\libm.a
LOAD c:/program files (x86)/atmel/studio/7.0/toolchain/avr8/avr8-gnu-toolchain/bin/../lib/gcc/avr/5.4.0/../../../../avr/lib/avr6\libc.a
LOAD C:/Program Files (x86)/Atmel/Studio/7.0/Packs/atmel/ATmega_DFP/1.2.209/gcc/dev/atmega2560/avr6\libatmega2560.a
END GROUP
                0x00100000                __TEXT_REGION_LENGTH__ = DEFINED (__TEXT_REGION_LENGTH__)?__TEXT_REGION_LENGTH__:0x100000
                0x0000fe00                __DATA_REGION_LENGTH__ = DEFINED (__DATA_REGION_LENGTH__)?__DATA_REGION_LENGTH__:0xfe00
                0x00010000                __EEPROM_REGION_LENGTH__ = DEFINED (__EEPROM_REGION_LENGTH__)?__EEPROM_REGION_LENGTH__:0x10000
                [0x00000003]                __FUSE_REGION_LENGTH__ = DEFINED (__FUSE_REGION_LENGTH__)?__FUSE_REGION_LENGTH__:0x400
                0x00000400                __LOCK_REGION_LENGTH__ = DEFINED (__LOCK_REGION_LENGTH__)?__LOCK_REGION_LENGTH__:0x400
                0x00000400                __SIGNATURE_REGION_LENGTH__ = DEFINED (__SIGNATURE_REGION_LENGTH__)?__SIGNATURE_REGION_LENGTH__:0x400
                0x00000400                __USER_SIGNATURE_REGION_LENGTH__ = DEFINED (__USER_SIGNATURE_REGION_LENGTH__)?__USER_SIGNATURE_REGION_LENGTH__:0x400

.hash
 *(.hash)

.dynsym
 *(.dynsym)

.dynstr
 *(.dynstr)

.gnu.version
 *(.gnu.version)

.gnu.version_d
 *(.gnu.version_d)

.gnu.version_r
 *(.gnu.version_r)

.rel.init
 *(.rel.init)

.rela.init
 *(.rela.init)

.rel.text
 *(.rel.text)
 *(.rel.text.*)
 *(.rel.gnu.linkonce.t*)

.rela.text
 *(.rela.text)
 *(.rela.text.*)
 *(.rela.gnu.linkonce.t*)

.rel.fini
 *(.rel.fini)

.rela.fini
 *(.rela.fini)

.rel.rodata
 *(.rel.rodata)
 *(.rel.rodata.*)
 *(.rel.gnu.linkonce.r*)

.rela.rodata
 *(.rela.rodata)
 *(.rela.rodata.*)
 *(.rela.gnu.linkonce.r*)

.rel.data
 *(.rel.data)
 *(.rel.data.*)
 *(.rel.gnu.linkonce.d*)

.rela.data
 *(.rela.data)
 *(.rela.data.*)
 *(.rela.gnu.linkonce.d*)

.rel.ctors
 *(.rel.ctors)

.rela.ctors
 *(.rela.ctors)

.rel.dtors
 *(.rel.dtors)

.rela.dtors
 *(.rela.dtors)

.rel.got
 *(.rel.got)

.rela.got
 *(.rela.got)

.rel.bss
 *(.rel.bss)

.rela.bss
 *(.rela.bss)

.rel.plt
 *(.rel.plt)

.rela.plt
 *(.rela.plt)

.text           0x00000000     0x1f94
 *(.vectors)
 .vectors       0x00000000       0xe4 C:/Program Files (x86)/Atmel/Studio/7.0/Packs/atmel/ATmega_DFP/1.2.209/gcc/dev/atmega2560/avr6/crtatmega2560.o
                0x00000000                __vector_default
                0x00000000                __vectors
 *(.vectors)
 *(.progmem.gcc*)
 .progmem.gcc_sw_table._ZNV22AnalogDigitalConverter6sampleEv
                0x000000e4       0x20 ADC.o
                0x00000104                . = ALIGN (0x2)
                0x00000104                __trampolines_start = .
 *(.trampolines)
 .trampolines   0x00000104        0x0 linker stubs
 *(.trampolines*)
                0x00000104                __trampolines_end = .
 *libprintf_flt.a:*(.progmem.data)
 *libc.a:*(.progmem.data)
 *(.progmem*)
 .progmem.data._ZL7_pt1000
                0x00000104      0x35e ADC.o
 .progmem.data._ZL7_pt2000
                0x00000462      0x350 ADC.o
                0x000007b2                . = ALIGN (0x2)
 *(.jumptables)
 *(.jumptables*)
 *(.lowtext)
 *(.lowtext*)
                0x000007b2                __ctors_start = .
 *(.ctors)
 .ctors         0x000007b2        0x2 main.o
 .ctors         0x000007b4        0x2 uart.o
                0x000007b6                __ctors_end = .
                0x000007b6                __dtors_start = .
 *(.dtors)
 .dtors         0x000007b6        0x2 main.o
                0x000007b8                __dtors_end = .
 SORT(*)(.ctors)
 SORT(*)(.dtors)
 *(.init0)
 .init0         0x000007b8        0x0 C:/Program Files (x86)/Atmel/Studio/7.0/Packs/atmel/ATmega_DFP/1.2.209/gcc/dev/atmega2560/avr6/crtatmega2560.o
                0x000007b8                __init
 *(.init0)
 *(.init1)
 *(.init1)
 *(.init2)
 .init2         0x000007b8       0x10 C:/Program Files (x86)/Atmel/Studio/7.0/Packs/atmel/ATmega_DFP/1.2.209/gcc/dev/atmega2560/avr6/crtatmega2560.o
 *(.init2)
 *(.init3)
 *(.init3)
 *(.init4)
 .init4         0x000007c8       0x10 c:/program files (x86)/atmel/studio/7.0/toolchain/avr8/avr8-gnu-toolchain/bin/../lib/gcc/avr/5.4.0/avr6\libgcc.a(_clear_bss.o)
                0x000007c8                __do_clear_bss
 .init4         0x000007d8       0x1a c:/program files (x86)/atmel/studio/7.0/toolchain/avr8/avr8-gnu-toolchain/bin/../lib/gcc/avr/5.4.0/avr6\libgcc.a(_copy_data.o)
                0x000007d8                __do_copy_data
 *(.init4)
 *(.init5)
 *(.init5)
 *(.init6)
 .init6         0x000007f2       0x20 c:/program files (x86)/atmel/studio/7.0/toolchain/avr8/avr8-gnu-toolchain/bin/../lib/gcc/avr/5.4.0/avr6\libgcc.a(_ctors.o)
                0x000007f2                __do_global_ctors
 *(.init6)
 *(.init7)
 *(.init7)
 *(.init8)
 *(.init8)
 *(.init9)
 .init9         0x00000812        0x8 C:/Program Files (x86)/Atmel/Studio/7.0/Packs/atmel/ATmega_DFP/1.2.209/gcc/dev/atmega2560/avr6/crtatmega2560.o
 *(.init9)
 *(.text)
 .text          0x0000081a        0x2 C:/Program Files (x86)/Atmel/Studio/7.0/Packs/atmel/ATmega_DFP/1.2.209/gcc/dev/atmega2560/avr6/crtatmega2560.o
                0x0000081a                __vector_38
                0x0000081a                __vector_22
                0x0000081a                __vector_28
                0x0000081a                __vector_1
                0x0000081a                __vector_34
                0x0000081a                __vector_24
                0x0000081a                __vector_12
                0x0000081a                __vector_55
                0x0000081a                __vector_46
                0x0000081a                __bad_interrupt
                0x0000081a                __vector_6
                0x0000081a                __vector_31
                0x0000081a                __vector_35
                0x0000081a                __vector_39
                0x0000081a                __vector_3
                0x0000081a                __vector_23
                0x0000081a                __vector_30
                0x0000081a                __vector_45
                0x0000081a                __vector_11
                0x0000081a                __vector_54
                0x0000081a                __vector_13
                0x0000081a                __vector_17
                0x0000081a                __vector_19
                0x0000081a                __vector_56
                0x0000081a                __vector_7
                0x0000081a                __vector_49
                0x0000081a                __vector_41
                0x0000081a                __vector_43
                0x0000081a                __vector_27
                0x0000081a                __vector_5
                0x0000081a                __vector_33
                0x0000081a                __vector_47
                0x0000081a                __vector_52
                0x0000081a                __vector_37
                0x0000081a                __vector_4
                0x0000081a                __vector_44
                0x0000081a                __vector_51
                0x0000081a                __vector_9
                0x0000081a                __vector_2
                0x0000081a                __vector_21
                0x0000081a                __vector_15
                0x0000081a                __vector_40
                0x0000081a                __vector_8
                0x0000081a                __vector_26
                0x0000081a                __vector_48
                0x0000081a                __vector_14
                0x0000081a                __vector_53
                0x0000081a                __vector_10
                0x0000081a                __vector_50
                0x0000081a                __vector_16
                0x0000081a                __vector_20
                0x0000081a                __vector_42
                0x0000081c                . = ALIGN (0x2)
 *(.text.*)
 .text._ZN22AnalogDigitalConverterC2Ev
                0x0000081c      0x132 ADC.o
                0x0000081c                _ZN22AnalogDigitalConverterC1Ev
                0x0000081c                _ZN22AnalogDigitalConverterC2Ev
 .text._ZNV22AnalogDigitalConverter6sampleEv
                0x0000094e      0x2e4 ADC.o
                0x0000094e                _ZNV22AnalogDigitalConverter6sampleEv
 .text._ZNV22AnalogDigitalConverter9getoutputEh
                0x00000c32       0x20 ADC.o
                0x00000c32                _ZNV22AnalogDigitalConverter9getoutputEh
 .text._ZNV22AnalogDigitalConverter9getconfigEh
                0x00000c52       0x2c ADC.o
                0x00000c52                _ZNV22AnalogDigitalConverter9getconfigEh
 .text._ZNV22AnalogDigitalConverter9setconfigEhh
                0x00000c7e       0x50 ADC.o
                0x00000c7e                _ZNV22AnalogDigitalConverter9setconfigEhh
 .text.__vector_18
                0x00000cce       0x16 ADC.o
                0x00000cce                __vector_18
 .text._Z18cmdHandler_freeMemv
                0x00000ce4       0x38 cmdHandler.o
                0x00000ce4                _Z18cmdHandler_freeMemv
 .text._Z23cmdHandler_get_value_ioh
                0x00000d1c       0x4a cmdHandler.o
                0x00000d1c                _Z23cmdHandler_get_value_ioh
 .text._Z24cmdHandler_get_value_adch
                0x00000d66       0x44 cmdHandler.o
                0x00000d66                _Z24cmdHandler_get_value_adch
 .text._Z24cmdHandler_get_config_ioh
                0x00000daa       0x4a cmdHandler.o
                0x00000daa                _Z24cmdHandler_get_config_ioh
 .text._Z25cmdHandler_get_config_adch
                0x00000df4       0x40 cmdHandler.o
                0x00000df4                _Z25cmdHandler_get_config_adch
 .text._Z23cmdHandler_set_value_iohh
                0x00000e34       0x68 cmdHandler.o
                0x00000e34                _Z23cmdHandler_set_value_iohh
 .text._Z24cmdHandler_set_config_iohh
                0x00000e9c       0x68 cmdHandler.o
                0x00000e9c                _Z24cmdHandler_set_config_iohh
 .text._Z25cmdHandler_set_config_adchh
                0x00000f04       0x50 cmdHandler.o
                0x00000f04                _Z25cmdHandler_set_config_adchh
 .text._ZN9cmdParserC2Ev
                0x00000f54        0x8 cmdParser.o
                0x00000f54                _ZN9cmdParserC1Ev
                0x00000f54                _ZN9cmdParserC2Ev
 .text._ZNV9cmdParser11checkparserEv
                0x00000f5c       0xc8 cmdParser.o
                0x00000f5c                _ZNV9cmdParser11checkparserEv
 .text._ZNV9cmdParser14inc_parser_cntEv
                0x00001024        0xa cmdParser.o
                0x00001024                _ZNV9cmdParser14inc_parser_cntEv
 .text._Z10plotNumberhPh
                0x0000102e       0x10 cmdParser.o
                0x0000102e                _Z10plotNumberhPh
 .text._Z10plotNumberiPh
                0x0000103e       0x2e cmdParser.o
                0x0000103e                _Z10plotNumberiPh
 .text._ZN6io_pinC2EPVhS1_S1_h9io_config
                0x0000106c       0xd8 io.o
                0x0000106c                _ZN6io_pinC1EPVhS1_S1_h9io_config
                0x0000106c                _ZN6io_pinC2EPVhS1_S1_h9io_config
 .text._ZNV6io_pin3getEv
                0x00001144       0x6c io.o
                0x00001144                _ZNV6io_pin3getEv
 .text._ZNV6io_pin3setEh
                0x000011b0       0x66 io.o
                0x000011b0                _ZNV6io_pin3setEh
 .text._ZNV6io_pin9setconfigEh
                0x00001216       0xbe io.o
                0x00001216                _ZNV6io_pin9setconfigEh
 .text._ZNV6io_pin9getconfigEv
                0x000012d4        0x6 io.o
                0x000012d4                _ZNV6io_pin9getconfigEv
 .text._ZNV6io_pin7triggerEv
                0x000012da       0x84 io.o
                0x000012da                _ZNV6io_pin7triggerEv
 .text._ZN4lockC2Ev
                0x0000135e        0x6 lock.o
                0x0000135e                _ZN4lockC1Ev
                0x0000135e                _ZN4lockC2Ev
 .text._ZNV4lock7tryLockEv
                0x00001364       0x16 lock.o
                0x00001364                _ZNV4lock7tryLockEv
 .text._ZNV4lock6unlockEv
                0x0000137a        0x6 lock.o
                0x0000137a                _ZNV4lock6unlockEv
 .text._Z7init_iov
                0x00001380      0x49e main.o
                0x00001380                _Z7init_iov
 .text.startup.main
                0x0000181e       0x2a main.o
                0x0000181e                main
 .text.__vector_32
                0x00001848       0x66 main.o
                0x00001848                __vector_32
 .text.__vector_29
                0x000018ae       0x52 main.o
                0x000018ae                __vector_29
 .text._Z7freeRamv
                0x00001900       0x32 main.o
                0x00001900                _Z7freeRamv
 .text.startup._GLOBAL__sub_I_myADC
                0x00001932        0xe main.o
 .text.exit._GLOBAL__sub_D_myADC
                0x00001940       0x1c main.o
 .text._Znwj    0x0000195c        0x2 mem.o
                0x0000195c                _Znwj
 .text._ZNV10iirlowpass6sampleEi
                0x0000195e      0x21a tiefpass.o
                0x0000195e                _ZNV10iirlowpass6sampleEi
 .text._ZN10iirlowpassC2Ev
                0x00001b78       0x5a tiefpass.o
                0x00001b78                _ZN10iirlowpassC2Ev
                0x00001b78                _ZN10iirlowpassC1Ev
 .text._ZN10iirlowpassD2Ev
                0x00001bd2        0x8 tiefpass.o
                0x00001bd2                _ZN10iirlowpassD1Ev
                0x00001bd2                _ZN10iirlowpassD2Ev
 .text._Z10init_UART0v
                0x00001bda       0x18 uart.o
                0x00001bda                _Z10init_UART0v
 .text._Z10init_UART1v
                0x00001bf2       0x18 uart.o
                0x00001bf2                _Z10init_UART1v
 .text.__vector_25
                0x00001c0a       0x72 uart.o
                0x00001c0a                __vector_25
 .text.__vector_36
                0x00001c7c       0x1c uart.o
                0x00001c7c                __vector_36
 .text._Z11serial_out0Phh
                0x00001c98       0x4c uart.o
                0x00001c98                _Z11serial_out0Phh
 .text.startup._GLOBAL__sub_I_InBufferUart0
                0x00001ce4        0x6 uart.o
 .text.libgcc   0x00001cea       0x10 c:/program files (x86)/atmel/studio/7.0/toolchain/avr8/avr8-gnu-toolchain/bin/../lib/gcc/avr/5.4.0/avr6\libgcc.a(_tablejump2.o)
                0x00001cea                __tablejump2__
 .text.libgcc.mul
                0x00001cfa        0xc c:/program files (x86)/atmel/studio/7.0/toolchain/avr8/avr8-gnu-toolchain/bin/../lib/gcc/avr/5.4.0/avr6\libgcc.a(_mulhisi3.o)
                0x00001cfa                __mulhisi3
 .text.libgcc.mul
                0x00001d06       0x1e c:/program files (x86)/atmel/studio/7.0/toolchain/avr8/avr8-gnu-toolchain/bin/../lib/gcc/avr/5.4.0/avr6\libgcc.a(_umulhisi3.o)
                0x00001d06                __umulhisi3
 .text.libgcc.mul
                0x00001d24        0xc c:/program files (x86)/atmel/studio/7.0/toolchain/avr8/avr8-gnu-toolchain/bin/../lib/gcc/avr/5.4.0/avr6\libgcc.a(_usmulhisi3.o)
                0x00001d24                __usmulhisi3
                0x00001d26                __usmulhisi3_tail
 .text.avr-libc
                0x00001d30      0x242 c:/program files (x86)/atmel/studio/7.0/toolchain/avr8/avr8-gnu-toolchain/bin/../lib/gcc/avr/5.4.0/../../../../avr/lib/avr6\libc.a(malloc.o)
                0x00001d30                malloc
                0x00001e60                free
                0x00001f72                . = ALIGN (0x2)
 *(.fini9)
 .fini9         0x00001f72        0x0 c:/program files (x86)/atmel/studio/7.0/toolchain/avr8/avr8-gnu-toolchain/bin/../lib/gcc/avr/5.4.0/avr6\libgcc.a(_exit.o)
                0x00001f72                _exit
                0x00001f72                exit
 *(.fini9)
 *(.fini8)
 *(.fini8)
 *(.fini7)
 *(.fini7)
 *(.fini6)
 .fini6         0x00001f72       0x1e c:/program files (x86)/atmel/studio/7.0/toolchain/avr8/avr8-gnu-toolchain/bin/../lib/gcc/avr/5.4.0/avr6\libgcc.a(_dtors.o)
                0x00001f72                __do_global_dtors
 *(.fini6)
 *(.fini5)
 *(.fini5)
 *(.fini4)
 *(.fini4)
 *(.fini3)
 *(.fini3)
 *(.fini2)
 *(.fini2)
 *(.fini1)
 *(.fini1)
 *(.fini0)
 .fini0         0x00001f90        0x4 c:/program files (x86)/atmel/studio/7.0/toolchain/avr8/avr8-gnu-toolchain/bin/../lib/gcc/avr/5.4.0/avr6\libgcc.a(_exit.o)
 *(.fini0)
                0x00001f94                _etext = .

.data           0x00800200        0x6 load address 0x00001f94
                0x00800200                PROVIDE (__data_start, .)
 *(.data)
 .data          0x00800200        0x6 c:/program files (x86)/atmel/studio/7.0/toolchain/avr8/avr8-gnu-toolchain/bin/../lib/gcc/avr/5.4.0/../../../../avr/lib/avr6\libc.a(malloc.o)
                0x00800200                __malloc_heap_end
                0x00800202                __malloc_heap_start
                0x00800204                __malloc_margin
 *(.data*)
 *(.gnu.linkonce.d*)
 *(.rodata)
 *(.rodata*)
 *(.gnu.linkonce.r*)
                0x00800206                . = ALIGN (0x2)
                0x00800206                _edata = .
                0x00800206                PROVIDE (__data_end, .)

.bss            0x00800206      0x329
                0x00800206                PROVIDE (__bss_start, .)
 *(.bss)
 *(.bss*)
 .bss.io        0x00800206       0x50 main.o
                0x00800206                io
 .bss.myParser  0x00800256        0x2 main.o
                0x00800256                myParser
 .bss.myADC     0x00800258      0x1d1 main.o
                0x00800258                myADC
 .bss.lockUart0
                0x00800429        0x1 uart.o
                0x00800429                lockUart0
 .bss.InBufferUart0pointer
                0x0080042a        0x1 uart.o
                0x0080042a                InBufferUart0pointer
 .bss.InBufferUart0
                0x0080042b      0x100 uart.o
                0x0080042b                InBufferUart0
 *(COMMON)
 COMMON         0x0080052b        0x4 c:/program files (x86)/atmel/studio/7.0/toolchain/avr8/avr8-gnu-toolchain/bin/../lib/gcc/avr/5.4.0/../../../../avr/lib/avr6\libc.a(malloc.o)
                0x0080052b                __brkval
                0x0080052d                __flp
                0x0080052f                PROVIDE (__bss_end, .)
                0x00001f94                __data_load_start = LOADADDR (.data)
                0x00001f9a                __data_load_end = (__data_load_start + SIZEOF (.data))

.noinit         0x0080052f        0x0
                [!provide]                PROVIDE (__noinit_start, .)
 *(.noinit*)
                [!provide]                PROVIDE (__noinit_end, .)
                0x0080052f                _end = .
                0x0080052f                PROVIDE (__heap_start, .)

.eeprom         0x00810000        0x0
 *(.eeprom*)
                0x00810000                __eeprom_end = .

.fuse
 *(.fuse)
 *(.lfuse)
 *(.hfuse)
 *(.efuse)

.lock
 *(.lock*)

.signature
 *(.signature*)

.user_signatures
 *(.user_signatures*)

.stab
 *(.stab)

.stabstr
 *(.stabstr)

.stab.excl
 *(.stab.excl)

.stab.exclstr
 *(.stab.exclstr)

.stab.index
 *(.stab.index)

.stab.indexstr
 *(.stab.indexstr)

.comment        0x00000000       0x30
 *(.comment)
 .comment       0x00000000       0x30 ADC.o
                                 0x31 (size before relaxing)
 .comment       0x00000030       0x31 cmdHandler.o
 .comment       0x00000030       0x31 cmdParser.o
 .comment       0x00000030       0x31 io.o
 .comment       0x00000030       0x31 lock.o
 .comment       0x00000030       0x31 main.o
 .comment       0x00000030       0x31 mem.o
 .comment       0x00000030       0x31 tiefpass.o
 .comment       0x00000030       0x31 uart.o
 .comment       0x00000030       0x31 c:/program files (x86)/atmel/studio/7.0/toolchain/avr8/avr8-gnu-toolchain/bin/../lib/gcc/avr/5.4.0/../../../../avr/lib/avr6\libc.a(malloc.o)

.note.gnu.avr.deviceinfo
                0x00000000       0x40
 .note.gnu.avr.deviceinfo
                0x00000000       0x40 C:/Program Files (x86)/Atmel/Studio/7.0/Packs/atmel/ATmega_DFP/1.2.209/gcc/dev/atmega2560/avr6/crtatmega2560.o

.note.gnu.build-id
 *(.note.gnu.build-id)

.debug
 *(.debug)

.line
 *(.line)

.debug_srcinfo
 *(.debug_srcinfo)

.debug_sfnames
 *(.debug_sfnames)

.debug_aranges  0x00000000      0x2c0
 *(.debug_aranges)
 .debug_aranges
                0x00000000       0x58 ADC.o
 .debug_aranges
                0x00000058       0x58 cmdHandler.o
 .debug_aranges
                0x000000b0       0x58 cmdParser.o
 .debug_aranges
                0x00000108       0x50 io.o
 .debug_aranges
                0x00000158       0x38 lock.o
 .debug_aranges
                0x00000190       0x68 main.o
 .debug_aranges
                0x000001f8       0x40 mem.o
 .debug_aranges
                0x00000238       0x30 tiefpass.o
 .debug_aranges
                0x00000268       0x58 uart.o

.debug_pubnames
 *(.debug_pubnames)

.debug_info     0x00000000     0x6076
 *(.debug_info .gnu.linkonce.wi.*)
 .debug_info    0x00000000      0xbbc C:/Program Files (x86)/Atmel/Studio/7.0/Packs/atmel/ATmega_DFP/1.2.209/gcc/dev/atmega2560/avr6/crtatmega2560.o
 .debug_info    0x00000bbc      0x801 ADC.o
 .debug_info    0x000013bd     0x1225 cmdHandler.o
 .debug_info    0x000025e2      0xcd7 cmdParser.o
 .debug_info    0x000032b9      0x45e io.o
 .debug_info    0x00003717      0x1a3 lock.o
 .debug_info    0x000038ba     0x1efa main.o
 .debug_info    0x000057b4      0x187 mem.o
 .debug_info    0x0000593b      0x295 tiefpass.o
 .debug_info    0x00005bd0      0x4a6 uart.o

.debug_abbrev   0x00000000     0x1f19
 *(.debug_abbrev)
 .debug_abbrev  0x00000000      0xb1a C:/Program Files (x86)/Atmel/Studio/7.0/Packs/atmel/ATmega_DFP/1.2.209/gcc/dev/atmega2560/avr6/crtatmega2560.o
 .debug_abbrev  0x00000b1a      0x2c4 ADC.o
 .debug_abbrev  0x00000dde      0x29b cmdHandler.o
 .debug_abbrev  0x00001079      0x27f cmdParser.o
 .debug_abbrev  0x000012f8      0x1ea io.o
 .debug_abbrev  0x000014e2      0x111 lock.o
 .debug_abbrev  0x000015f3      0x3f1 main.o
 .debug_abbrev  0x000019e4      0x115 mem.o
 .debug_abbrev  0x00001af9      0x1c6 tiefpass.o
 .debug_abbrev  0x00001cbf      0x25a uart.o

.debug_line     0x00000000     0x180d
 *(.debug_line .debug_line.* .debug_line_end)
 .debug_line    0x00000000      0x1f9 C:/Program Files (x86)/Atmel/Studio/7.0/Packs/atmel/ATmega_DFP/1.2.209/gcc/dev/atmega2560/avr6/crtatmega2560.o
 .debug_line    0x000001f9      0x4cc ADC.o
 .debug_line    0x000006c5      0x293 cmdHandler.o
 .debug_line    0x00000958      0x333 cmdParser.o
 .debug_line    0x00000c8b      0x2e8 io.o
 .debug_line    0x00000f73       0xa3 lock.o
 .debug_line    0x00001016      0x334 main.o
 .debug_line    0x0000134a      0x162 mem.o
 .debug_line    0x000014ac      0x14d tiefpass.o
 .debug_line    0x000015f9      0x214 uart.o

.debug_frame    0x00000000      0x714
 *(.debug_frame)
 .debug_frame   0x00000000       0xe8 ADC.o
 .debug_frame   0x000000e8      0x13c cmdHandler.o
 .debug_frame   0x00000224       0xac cmdParser.o
 .debug_frame   0x000002d0       0x90 io.o
 .debug_frame   0x00000360       0x54 lock.o
 .debug_frame   0x000003b4      0x188 main.o
 .debug_frame   0x0000053c       0x64 mem.o
 .debug_frame   0x000005a0       0x70 tiefpass.o
 .debug_frame   0x00000610      0x104 uart.o

.debug_str      0x00000000     0x1095
 *(.debug_str)
 .debug_str     0x00000000      0x3e6 C:/Program Files (x86)/Atmel/Studio/7.0/Packs/atmel/ATmega_DFP/1.2.209/gcc/dev/atmega2560/avr6/crtatmega2560.o
 .debug_str     0x000003e6      0x457 ADC.o
                                0x4dd (size before relaxing)
 .debug_str     0x0000083d      0x321 cmdHandler.o
                                0x7d0 (size before relaxing)
 .debug_str     0x00000b5e      0x159 cmdParser.o
                                0x542 (size before relaxing)
 .debug_str     0x00000cb7       0x47 io.o
                                0x327 (size before relaxing)
 .debug_str     0x00000cfe       0x81 lock.o
                                0x1af (size before relaxing)
 .debug_str     0x00000d7f      0x1c6 main.o
                                0x8a5 (size before relaxing)
 .debug_str     0x00000f45       0x79 mem.o
                                0x1d4 (size before relaxing)
 .debug_str     0x00000fbe       0x4c tiefpass.o
                                0x26e (size before relaxing)
 .debug_str     0x0000100a       0x8b uart.o
                                0x480 (size before relaxing)

.debug_loc      0x00000000     0x1f46
 *(.debug_loc)
 .debug_loc     0x00000000      0x7f3 ADC.o
 .debug_loc     0x000007f3      0x4e4 cmdHandler.o
 .debug_loc     0x00000cd7      0x4c1 cmdParser.o
 .debug_loc     0x00001198      0x4b3 io.o
 .debug_loc     0x0000164b       0x50 lock.o
 .debug_loc     0x0000169b      0x2e0 main.o
 .debug_loc     0x0000197b       0x74 mem.o
 .debug_loc     0x000019ef      0x307 tiefpass.o
 .debug_loc     0x00001cf6      0x250 uart.o

.debug_macinfo
 *(.debug_macinfo)

.debug_weaknames
 *(.debug_weaknames)

.debug_funcnames
 *(.debug_funcnames)

.debug_typenames
 *(.debug_typenames)

.debug_varnames
 *(.debug_varnames)

.debug_pubtypes
 *(.debug_pubtypes)

.debug_ranges   0x00000000      0x2d8
 *(.debug_ranges)
 .debug_ranges  0x00000000       0x90 ADC.o
 .debug_ranges  0x00000090       0x48 cmdHandler.o
 .debug_ranges  0x000000d8       0x90 cmdParser.o
 .debug_ranges  0x00000168       0x58 io.o
 .debug_ranges  0x000001c0       0x28 lock.o
 .debug_ranges  0x000001e8       0x58 main.o
 .debug_ranges  0x00000240       0x30 mem.o
 .debug_ranges  0x00000270       0x20 tiefpass.o
 .debug_ranges  0x00000290       0x48 uart.o

.debug_macro
 *(.debug_macro)
OUTPUT(arduino io.elf elf32-avr)
LOAD linker stubs
